// Jest Snapshot v1, https://goo.gl/fbAQLP

exports[`sendReport should send 1`] = `
Object {
  "header": Object {
    "graphRef": "alskncka384u1923e8uino1289jncvo019n",
    "hostname": "www.example.com",
  },
  "tracesPerQuery": Object {
    "# Foo
query Foo { user { email pets { name } } }": Object {
      "internalTracesContributingToStats": Array [],
      "statsWithContext": Array [],
      "trace": Array [],
    },
  },
}
`;
